
> smart-enterprise-suite-frontend@1.0.0 build
> tsc -b && vite build

[36mvite v7.3.0 [32mbuilding client environment for production...[36m[39m
transforming...
[32mظ£ô[39m 4294 modules transformed.
rendering chunks...
node.exe : 
[33m[plugin 
vite:reporter] 
At line:1 char:1
+ & "C:\Program Files\
nodejs/node.exe" "C:\U
sers\mkame\AppData\Roa
ming\ ...
+ ~~~~~~~~~~~~~~~~~~~~
~~~~~~~~~~~~~~~~~~~~~~
~~~~~~~~~~~~~~~~~~~~~~
~~~~~
    + CategoryInfo    
          : NotSpeci  
  fied: ([33m[plug   
 in vite:reporter]    
 :String) [], Rem    
oteException
    + FullyQualifiedE 
   rrorId : NativeCo  
  mmandError
 
(!) C:/Users/mkame/One
Drive/Documents/GitHub
/Smart-Enterprise-Suit
e_VS_20260210/frontend
/node_modules/xlsx/xls
x.mjs is dynamically 
imported by C:/Users/m
kame/OneDrive/Document
s/GitHub/Smart-Enterpr
ise-Suite_VS_20260210/
frontend/src/pages/Mon
thlyClosing.tsx but 
also statically 
imported by C:/Users/m
kame/OneDrive/Document
s/GitHub/Smart-Enterpr
ise-Suite_VS_20260210/
frontend/src/component
s/PerformanceReportMod
al.tsx, C:/Users/mkame
/OneDrive/Documents/Gi
tHub/Smart-Enterprise-
Suite_VS_20260210/fron
tend/src/components/ad
min-store/AdminAssetIm
portModal.tsx, C:/User
s/mkame/OneDrive/Docum
ents/GitHub/Smart-Ente
rprise-Suite_VS_202602
10/frontend/src/compon
ents/settings/SparePar
tsTab.tsx, C:/Users/mk
ame/OneDrive/Documents
/GitHub/Smart-Enterpri
se-Suite_VS_20260210/f
rontend/src/pages/Acco
untantDashboard.tsx, C
:/Users/mkame/OneDrive
/Documents/GitHub/Smar
t-Enterprise-Suite_VS_
20260210/frontend/src/
pages/MachineWarehouse
.tsx, C:/Users/mkame/O
neDrive/Documents/GitH
ub/Smart-Enterprise-Su
ite_VS_20260210/fronte
nd/src/pages/TrackMach
ines.tsx, C:/Users/mka
me/OneDrive/Documents/
GitHub/Smart-Enterpris
e-Suite_VS_20260210/fr
ontend/src/pages/Wareh
ouse.tsx, dynamic 
import will not move 
module into another 
chunk.
[39m
computing gzip size...
[2mdist/[22m[32mindex.html                          [39m[1m[2m    1.45 kB[22m[1m[22m[2m ظ¤é gzip:   0.65 kB[22m
[2mdist/[22m[35massets/index-BirjA1xg.css           [39m[1m[2m  249.50 kB[22m[1m[22m[2m ظ¤é gzip:  33.74 kB[22m
[2mdist/[22m[36massets/purify.es-Bzr520pe.js        [39m[1m[2m   22.45 kB[22m[1m[22m[2m ظ¤é gzip:   8.63 kB[22m
[2mdist/[22m[36massets/index.es-CUyfp4gp.js         [39m[1m[2m  158.14 kB[22m[1m[22m[2m ظ¤é gzip:  52.76 kB[22m
[2mdist/[22m[36massets/html2canvas.esm-Ge7aVWlp.js  [39m[1m[2m  201.40 kB[22m[1m[22m[2m ظ¤é gzip:  47.48 kB[22m
[2mdist/[22m[36massets/jspdf.es.min-DABUpkM7.js     [39m[1m[2m  385.54 kB[22m[1m[22m[2m ظ¤é gzip: 125.98 kB[22m
[2mdist/[22m[36massets/exceljs.min-B-GbgXEi.js      [39m[1m[33m  938.99 kB[39m[22m[2m ظ¤é gzip: 270.74 kB[22m
[2mdist/[22m[36massets/index-B5lS7XmR.js            [39m[1m[33m2,874.50 kB[39m[22m[2m ظ¤é gzip: 777.20 kB[22m
[33m
(!) Some chunks are 
larger than 500 kB 
after minification. 
Consider:
- Using dynamic 
import() to 
code-split the 
application
- Use build.rollupOpti
ons.output.manualChunk
s to improve 
chunking: https://roll
upjs.org/configuration
-options/#output-manua
lchunks
- Adjust chunk size 
limit for this 
warning via build.chun
kSizeWarningLimit.[39
m
[32mظ£ô built in 46.72s[39m
