[36mvite v7.3.0 [32mbuilding client environment for production...[36m[39m
transforming...
[32m✓[39m 4294 modules transformed.
rendering chunks...
[33m[plugin vite:reporter] 
(!) C:/Users/mkame/OneDrive/Documents/GitHub/Smart-Enterprise-Suite_VS_20260210/frontend/node_modules/xlsx/xlsx.mjs is dynamically imported by C:/Users/mkame/OneDrive/Documents/GitHub/Smart-Enterprise-Suite_VS_20260210/frontend/src/pages/MonthlyClosing.tsx but also statically imported by C:/Users/mkame/OneDrive/Documents/GitHub/Smart-Enterprise-Suite_VS_20260210/frontend/src/components/PerformanceReportModal.tsx, C:/Users/mkame/OneDrive/Documents/GitHub/Smart-Enterprise-Suite_VS_20260210/frontend/src/components/admin-store/AdminAssetImportModal.tsx, C:/Users/mkame/OneDrive/Documents/GitHub/Smart-Enterprise-Suite_VS_20260210/frontend/src/components/settings/SparePartsTab.tsx, C:/Users/mkame/OneDrive/Documents/GitHub/Smart-Enterprise-Suite_VS_20260210/frontend/src/pages/AccountantDashboard.tsx, C:/Users/mkame/OneDrive/Documents/GitHub/Smart-Enterprise-Suite_VS_20260210/frontend/src/pages/MachineWarehouse.tsx, C:/Users/mkame/OneDrive/Documents/GitHub/Smart-Enterprise-Suite_VS_20260210/frontend/src/pages/TrackMachines.tsx, C:/Users/mkame/OneDrive/Documents/GitHub/Smart-Enterprise-Suite_VS_20260210/frontend/src/pages/Warehouse.tsx, dynamic import will not move module into another chunk.
[39m
computing gzip size...
[2mdist/[22m[32mindex.html                          [39m[1m[2m    1.45 kB[22m[1m[22m[2m │ gzip:   0.65 kB[22m
[2mdist/[22m[35massets/index-BirjA1xg.css           [39m[1m[2m  249.50 kB[22m[1m[22m[2m │ gzip:  33.74 kB[22m
[2mdist/[22m[36massets/purify.es-Bzr520pe.js        [39m[1m[2m   22.45 kB[22m[1m[22m[2m │ gzip:   8.63 kB[22m
[2mdist/[22m[36massets/index.es-CUyfp4gp.js         [39m[1m[2m  158.14 kB[22m[1m[22m[2m │ gzip:  52.76 kB[22m
[2mdist/[22m[36massets/html2canvas.esm-Ge7aVWlp.js  [39m[1m[2m  201.40 kB[22m[1m[22m[2m │ gzip:  47.48 kB[22m
[2mdist/[22m[36massets/jspdf.es.min-DABUpkM7.js     [39m[1m[2m  385.54 kB[22m[1m[22m[2m │ gzip: 125.98 kB[22m
[2mdist/[22m[36massets/exceljs.min-B-GbgXEi.js      [39m[1m[33m  938.99 kB[39m[22m[2m │ gzip: 270.74 kB[22m
[2mdist/[22m[36massets/index-B5lS7XmR.js            [39m[1m[33m2,874.50 kB[39m[22m[2m │ gzip: 777.20 kB[22m
[33m
(!) Some chunks are larger than 500 kB after minification. Consider:
- Using dynamic import() to code-split the application
- Use build.rollupOptions.output.manualChunks to improve chunking: https://rollupjs.org/configuration-options/#output-manualchunks
- Adjust chunk size limit for this warning via build.chunkSizeWarningLimit.[39m
[32m✓ built in 25.04s[39m
