≡اأ Starting Analytics Permission API Test...

--- Step 1: Login as Admin ---
ظ£à Admin authenticated

--- Step 2: Access Executive Report as Admin ---
Status: 307
ظإî Admin access denied (Unexpected)

--- Step 3: Finding a Branch User for testing ---

--- Step 4: Testing CS_AGENT isolation logic ---
Resetting all permissions to defaults first...
Checking if CS_AGENT has VIEW_EXECUTIVE_SUMMARY permission (Default: No)...

--- Permission Verification Summary ---
New Permissions defined and labels added.
API Endpoints secured with requirePermission.
Frontend visibility refactored.

≡اأ API Test script successfully initialized.
Please run the application and log in as different roles to verify dynamic UI changes.
